 Downloading crates ...
warning: spurious network error (3 tries remaining): [6] Could not resolve hostname (Could not resolve host: static.crates.io)
warning: spurious network error (3 tries remaining): [6] Could not resolve hostname (Could not resolve host: static.crates.io)
warning: spurious network error (3 tries remaining): [6] Could not resolve hostname (Could not resolve host: static.crates.io)
warning: spurious network error (3 tries remaining): [6] Could not resolve hostname (Could not resolve host: static.crates.io)
warning: spurious network error (3 tries remaining): [6] Could not resolve hostname (Could not resolve host: static.crates.io)
warning: spurious network error (3 tries remaining): [6] Could not resolve hostname (Could not resolve host: static.crates.io)
warning: spurious network error (3 tries remaining): [6] Could not resolve hostname (Could not resolve host: static.crates.io)
warning: spurious network error (3 tries remaining): [6] Could not resolve hostname (Could not resolve host: static.crates.io)
warning: spurious network error (3 tries remaining): [6] Could not resolve hostname (Could not resolve host: static.crates.io)
warning: spurious network error (3 tries remaining): [6] Could not resolve hostname (Could not resolve host: static.crates.io)
warning: spurious network error (3 tries remaining): [6] Could not resolve hostname (Could not resolve host: static.crates.io)
warning: spurious network error (3 tries remaining): [6] Could not resolve hostname (Could not resolve host: static.crates.io)
warning: spurious network error (3 tries remaining): [6] Could not resolve hostname (Could not resolve host: static.crates.io)
warning: spurious network error (3 tries remaining): [6] Could not resolve hostname (Could not resolve host: static.crates.io)
warning: spurious network error (3 tries remaining): [6] Could not resolve hostname (Could not resolve host: static.crates.io)
warning: spurious network error (3 tries remaining): [6] Could not resolve hostname (Could not resolve host: static.crates.io)
warning: spurious network error (3 tries remaining): [6] Could not resolve hostname (Could not resolve host: static.crates.io)
warning: spurious network error (3 tries remaining): [6] Could not resolve hostname (Could not resolve host: static.crates.io)
warning: spurious network error (3 tries remaining): [6] Could not resolve hostname (Could not resolve host: static.crates.io)
warning: spurious network error (3 tries remaining): [6] Could not resolve hostname (Could not resolve host: static.crates.io)
warning: spurious network error (3 tries remaining): [6] Could not resolve hostname (Could not resolve host: static.crates.io)
warning: spurious network error (3 tries remaining): [6] Could not resolve hostname (Could not resolve host: static.crates.io)
warning: spurious network error (3 tries remaining): [6] Could not resolve hostname (Could not resolve host: static.crates.io)
warning: spurious network error (3 tries remaining): [6] Could not resolve hostname (Could not resolve host: static.crates.io)
warning: spurious network error (3 tries remaining): [6] Could not resolve hostname (Could not resolve host: static.crates.io)
warning: spurious network error (3 tries remaining): [6] Could not resolve hostname (Could not resolve host: static.crates.io)
warning: spurious network error (2 tries remaining): [6] Could not resolve hostname (Could not resolve host: static.crates.io)
warning: spurious network error (2 tries remaining): [6] Could not resolve hostname (Could not resolve host: static.crates.io)
warning: spurious network error (2 tries remaining): [6] Could not resolve hostname (Could not resolve host: static.crates.io)
warning: spurious network error (2 tries remaining): [6] Could not resolve hostname (Could not resolve host: static.crates.io)
warning: spurious network error (2 tries remaining): [6] Could not resolve hostname (Could not resolve host: static.crates.io)
warning: spurious network error (2 tries remaining): [6] Could not resolve hostname (Could not resolve host: static.crates.io)
warning: spurious network error (2 tries remaining): [6] Could not resolve hostname (Could not resolve host: static.crates.io)
warning: spurious network error (2 tries remaining): [6] Could not resolve hostname (Could not resolve host: static.crates.io)
warning: spurious network error (2 tries remaining): [6] Could not resolve hostname (Could not resolve host: static.crates.io)
warning: spurious network error (2 tries remaining): [6] Could not resolve hostname (Could not resolve host: static.crates.io)
warning: spurious network error (2 tries remaining): [6] Could not resolve hostname (Could not resolve host: static.crates.io)
warning: spurious network error (2 tries remaining): [6] Could not resolve hostname (Could not resolve host: static.crates.io)
warning: spurious network error (2 tries remaining): [6] Could not resolve hostname (Could not resolve host: static.crates.io)
warning: spurious network error (2 tries remaining): [6] Could not resolve hostname (Could not resolve host: static.crates.io)
warning: spurious network error (2 tries remaining): [6] Could not resolve hostname (Could not resolve host: static.crates.io)
warning: spurious network error (2 tries remaining): [6] Could not resolve hostname (Could not resolve host: static.crates.io)
warning: spurious network error (2 tries remaining): [6] Could not resolve hostname (Could not resolve host: static.crates.io)
warning: spurious network error (2 tries remaining): [6] Could not resolve hostname (Could not resolve host: static.crates.io)
warning: spurious network error (2 tries remaining): [6] Could not resolve hostname (Could not resolve host: static.crates.io)
warning: spurious network error (2 tries remaining): [6] Could not resolve hostname (Could not resolve host: static.crates.io)
warning: spurious network error (2 tries remaining): [6] Could not resolve hostname (Could not resolve host: static.crates.io)
warning: spurious network error (2 tries remaining): [6] Could not resolve hostname (Could not resolve host: static.crates.io)
warning: spurious network error (2 tries remaining): [6] Could not resolve hostname (Could not resolve host: static.crates.io)
warning: spurious network error (2 tries remaining): [6] Could not resolve hostname (Could not resolve host: static.crates.io)
warning: spurious network error (2 tries remaining): [6] Could not resolve hostname (Could not resolve host: static.crates.io)
warning: spurious network error (2 tries remaining): [6] Could not resolve hostname (Could not resolve host: static.crates.io)
warning: spurious network error (1 try remaining): [6] Could not resolve hostname (Could not resolve host: static.crates.io)
warning: spurious network error (1 try remaining): [6] Could not resolve hostname (Could not resolve host: static.crates.io)
warning: spurious network error (1 try remaining): [6] Could not resolve hostname (Could not resolve host: static.crates.io)
warning: spurious network error (1 try remaining): [6] Could not resolve hostname (Could not resolve host: static.crates.io)
warning: spurious network error (1 try remaining): [6] Could not resolve hostname (Could not resolve host: static.crates.io)
warning: spurious network error (1 try remaining): [6] Could not resolve hostname (Could not resolve host: static.crates.io)
warning: spurious network error (1 try remaining): [6] Could not resolve hostname (Could not resolve host: static.crates.io)
warning: spurious network error (1 try remaining): [6] Could not resolve hostname (Could not resolve host: static.crates.io)
warning: spurious network error (1 try remaining): [6] Could not resolve hostname (Could not resolve host: static.crates.io)
warning: spurious network error (1 try remaining): [6] Could not resolve hostname (Could not resolve host: static.crates.io)
warning: spurious network error (1 try remaining): [6] Could not resolve hostname (Could not resolve host: static.crates.io)
warning: spurious network error (1 try remaining): [6] Could not resolve hostname (Could not resolve host: static.crates.io)
warning: spurious network error (1 try remaining): [6] Could not resolve hostname (Could not resolve host: static.crates.io)
warning: spurious network error (1 try remaining): [6] Could not resolve hostname (Could not resolve host: static.crates.io)
warning: spurious network error (1 try remaining): [6] Could not resolve hostname (Could not resolve host: static.crates.io)
warning: spurious network error (1 try remaining): [6] Could not resolve hostname (Could not resolve host: static.crates.io)
warning: spurious network error (1 try remaining): [6] Could not resolve hostname (Could not resolve host: static.crates.io)
warning: spurious network error (1 try remaining): [6] Could not resolve hostname (Could not resolve host: static.crates.io)
warning: spurious network error (1 try remaining): [6] Could not resolve hostname (Could not resolve host: static.crates.io)
warning: spurious network error (1 try remaining): [6] Could not resolve hostname (Could not resolve host: static.crates.io)
warning: spurious network error (1 try remaining): [6] Could not resolve hostname (Could not resolve host: static.crates.io)
warning: spurious network error (1 try remaining): [6] Could not resolve hostname (Could not resolve host: static.crates.io)
warning: spurious network error (1 try remaining): [6] Could not resolve hostname (Could not resolve host: static.crates.io)
warning: spurious network error (1 try remaining): [6] Could not resolve hostname (Could not resolve host: static.crates.io)
warning: spurious network error (1 try remaining): [6] Could not resolve hostname (Could not resolve host: static.crates.io)
warning: spurious network error (1 try remaining): [6] Could not resolve hostname (Could not resolve host: static.crates.io)
error: failed to download from `https://static.crates.io/crates/futures-channel/0.3.31/download`

Caused by:
  [6] Could not resolve hostname (Could not resolve host: static.crates.io)
